// Jest Snapshot v1, https://goo.gl/fbAQLP

exports[`<Companies /> renders list of company links 1`] = `
<styled.div>
  <styled.p>
    Your companies
  </styled.p>
  <CompanyLink
    company={
      Object {
        "id": 1,
        "name": "Dummy company",
      }
    }
    isSelected={true}
    key="1"
    onClick={[Function]}
  />
  <CompanyLink
    company={
      Object {
        "id": 2,
        "name": "Smarty company",
      }
    }
    isSelected={false}
    key="2"
    onClick={[Function]}
  />
</styled.div>
`;
